[12:35:57] ablation FD004: fold data (raw=False) built in 141s, 405 features
[12:36:05] ablation FD004 F1_current: 17 features, lightgbm RMSE 23.51, ridge 25.84
[12:36:28] ablation FD004 F2_+mean: 85 features, lightgbm RMSE 21.46, ridge 23.04
[12:37:02] ablation FD004 F3_+std: 119 features, lightgbm RMSE 21.36, ridge 22.64
[12:37:56] ablation FD004 F4_+minmax: 187 features, lightgbm RMSE 21.79, ridge 22.74
[12:39:13] ablation FD004 F5_+slope: 238 features, lightgbm RMSE 19.54, ridge 22.72
[12:41:25] ablation FD004 F6_+delta: 272 features, lightgbm RMSE 19.47, ridge 22.70
[12:43:56] ablation FD004 F7_+baseline: 289 features, lightgbm RMSE 18.44, ridge 21.17
[12:46:52] ablation FD004 F8_+expanding: 323 features, lightgbm RMSE 19.24, ridge 21.37
[12:50:51] ablation FD004 F9_+derived: 399 features, lightgbm RMSE 19.45, ridge 21.34
[12:54:25] ablation FD004 F10_+health_index (FULL): 404 features, lightgbm RMSE 19.33, ridge 21.27
[12:58:02] ablation FD004 F11_+cycle: 405 features, lightgbm RMSE 17.07, ridge 20.79
[13:02:18] ablation FD004 LOGO_-current: 383 features, lightgbm RMSE 19.20, ridge 21.28
[13:05:00] ablation FD004 LOGO_-mean: 320 features, lightgbm RMSE 19.30, ridge 21.21
[13:07:44] ablation FD004 LOGO_-std: 362 features, lightgbm RMSE 19.20, ridge 21.23
[13:09:43] ablation FD004 LOGO_-minmax: 320 features, lightgbm RMSE 19.34, ridge 21.10
[13:11:07] ablation FD004 LOGO_-slope: 341 features, lightgbm RMSE 19.71, ridge 21.26
[13:12:49] ablation FD004 LOGO_-delta: 362 features, lightgbm RMSE 19.37, ridge 21.25
[13:14:34] ablation FD004 LOGO_-baseline: 383 features, lightgbm RMSE 19.51, ridge 21.09
[13:16:30] ablation FD004 LOGO_-expanding: 362 features, lightgbm RMSE 18.58, ridge 21.15
[13:17:54] ablation FD004 LOGO_-derived: 328 features, lightgbm RMSE 19.17, ridge 21.28
[13:19:57] ablation FD004 LOGO_-health_index: 399 features, lightgbm RMSE 19.45, ridge 21.34
[13:20:18] ablation FD004 S_core5_only: 95 features, lightgbm RMSE 21.09, ridge 21.42
[13:21:23] ablation FD004 S_-fault_mode_sensors: 266 features, lightgbm RMSE 19.39, ridge 21.24
[13:22:51] ablation FD004 S_-weak_sensors: 342 features, lightgbm RMSE 19.29, ridge 21.19
[13:24:16] ablation FD004 S_-corrected_speeds: 361 features, lightgbm RMSE 19.65, ridge 21.28
[13:26:16] ablation FD004: fold data (raw=True) built in 119s, 411 features
[13:27:56] ablation FD004 RAW_FULL (no condition normalisation): 410 features, lightgbm RMSE 22.17, ridge 21.59
