[14:58:06] seed_noise FD004 F11_+cycle: RMSE over seeds [17.13, 17.14, 17.2, 17.1, 16.98]
[15:07:00] seed_noise FD004 R1_F11 -expanding: RMSE over seeds [15.91, 15.96, 15.94, 15.88, 15.97]
[15:13:13] seed_noise FD004 R2_F7 +cycle (minimal): RMSE over seeds [15.85, 15.82, 15.88, 15.95, 15.87]
[15:13:16] tune: feature set = R2_F7 +cycle (minimal)
[15:15:23] tune FD004: fold data built in 126s, 290 features
[15:15:43] tune FD004 ridge: 5 configs @cap 125, best RMSE 20.89
[15:16:04] tune FD004 ridge: selected cap 130, RMSE 21.02 ± 1.80
[15:16:34] tune FD004 elasticnet: 8 configs @cap 125, best RMSE 20.88
[15:16:56] tune FD004 elasticnet: selected cap 130, RMSE 21.02 ± 1.77
[15:48:13] tune FD004 random_forest: 6 configs @cap 125, best RMSE 17.33
[16:46:23] tune FD004 random_forest: selected cap 140, RMSE 17.58 ± 2.37
[17:00:11] tune FD004 xgboost: 8 configs @cap 125, best RMSE 15.97
[17:07:52] tune FD004 xgboost: selected cap 140, RMSE 15.99 ± 1.85
[17:13:42] tune FD004 lightgbm: 8 configs @cap 125, best RMSE 15.74
[17:19:04] tune FD004 lightgbm: selected cap 140, RMSE 15.85 ± 1.89
[17:20:25] finalize FD004 wide ridge: RMSE 29.42
[17:20:27] finalize FD004 wide elasticnet: RMSE 29.41
[17:25:41] finalize FD004 wide random_forest: RMSE 24.33
[17:26:50] finalize FD004 wide xgboost: RMSE 22.83
[17:27:53] finalize FD004 wide lightgbm: RMSE 22.71
[17:29:12] finalize FD004 confirm ridge: RMSE 21.11
[17:29:12] finalize FD004 confirm elasticnet: RMSE 21.08
[17:35:50] finalize FD004 confirm random_forest: RMSE 17.85
[17:36:45] finalize FD004 confirm xgboost: RMSE 16.00
[17:37:51] finalize FD004 confirm lightgbm: RMSE 16.17
[17:39:17] finalize FD004 primary ridge: RMSE 21.02
[17:39:17] finalize FD004 primary elasticnet: RMSE 21.02
[17:45:50] finalize FD004 primary random_forest: RMSE 17.58
[17:46:36] finalize FD004 primary xgboost: RMSE 15.99
[17:47:14] finalize FD004 primary lightgbm: RMSE 15.85
[17:47:55] finalize FD004: importance computed for lightgbm
